{"ts":"2026-05-24T12:00:00Z","cycle":7,"role":"orchestrator","kind":"inbox-lifecycle","exit_code":0,"entry_seq":0,"prev_hash":"{{HASH}}","action":"claim","task_id":"task-1","message":".evolve/inbox/task-1.json → .evolve/inbox/processing/cycle-7/task-1.json: triage-claim"}
{"ts":"2026-05-24T12:00:00Z","cycle":7,"role":"orchestrator","kind":"inbox-lifecycle","exit_code":0,"entry_seq":1,"prev_hash":"{{HASH}}","action":"claim","task_id":"task-2","message":".evolve/inbox/task-2.json → .evolve/inbox/processing/cycle-7/task-2.json: triage-claim"}
{"ts":"2026-05-24T12:00:00Z","cycle":7,"role":"orchestrator","kind":"inbox-lifecycle","exit_code":0,"git_head":"abcdef1234567890","entry_seq":2,"prev_hash":"{{HASH}}","action":"promote","task_id":"task-1","message":".evolve/inbox/processing/task-1.json → {{ROOT}}/.evolve/inbox/processed/cycle-7/abcdef12-task-1.json: ship-promote-processed"}
{"ts":"2026-05-24T12:00:00Z","cycle":7,"role":"orchestrator","kind":"inbox-lifecycle","exit_code":0,"entry_seq":3,"prev_hash":"{{HASH}}","action":"recover","task_id":"task-2","message":".evolve/inbox/processing/cycle-7/task-2.json → .evolve/inbox/task-2.json: cycle-release"}
