{"ts":"2026-05-24T12:00:00Z","cycle":7,"role":"orchestrator","kind":"inbox-lifecycle","exit_code":0,"entry_seq":0,"prev_hash":"{{HASH}}","action":"claim","task_id":"t1","message":".evolve/inbox/t1.json → .evolve/inbox/processing/cycle-7/t1.json: triage-claim"}
{"ts":"2026-05-24T12:00:00Z","cycle":7,"role":"orchestrator","kind":"inbox-lifecycle","exit_code":0,"git_head":"unlanded00","entry_seq":1,"prev_hash":"{{HASH}}","action":"promote","task_id":"t1","message":".evolve/inbox/processing/t1.json → {{ROOT}}/.evolve/inbox/retry/t1.json: ship-promote-retry-unlanded-sha"}
{"ts":"2026-05-24T12:00:00Z","cycle":7,"role":"orchestrator","kind":"inbox-lifecycle","exit_code":0,"entry_seq":2,"prev_hash":"{{HASH}}","action":"promote-warn","task_id":"t2","message":".evolve/inbox/processing/t2.json → {{ROOT}}/.evolve/inbox/processed/cycle-7/t2.json: mkdir-failed"}
{"ts":"2026-05-24T12:00:00Z","cycle":7,"role":"orchestrator","kind":"inbox-lifecycle","exit_code":0,"entry_seq":3,"prev_hash":"{{HASH}}","action":"promote-warn","task_id":"t2","message":".evolve/inbox/processing/t2.json → {{ROOT}}/.evolve/inbox/processed/cycle-7/t2.json: mv-failed"}
{"ts":"2026-05-24T12:00:00Z","cycle":7,"role":"orchestrator","kind":"inbox-lifecycle","exit_code":0,"git_head":"abcdef1234567890","entry_seq":4,"prev_hash":"{{HASH}}","action":"promote","task_id":"t2","message":".evolve/inbox/processing/t2.json → {{ROOT}}/.evolve/inbox/processed/cycle-7/abcdef12-t2.json: ship-promote-processed"}
{"ts":"2026-05-24T12:00:00Z","cycle":8,"role":"orchestrator","kind":"inbox-lifecycle","exit_code":0,"entry_seq":5,"prev_hash":"{{HASH}}","action":"recover","task_id":"t4","message":".evolve/inbox/processing/cycle-8/t4.json → .evolve/inbox/t4.json: cycle-release"}
{"ts":"2026-05-24T12:00:00Z","cycle":9,"role":"orchestrator","kind":"inbox-lifecycle","exit_code":0,"entry_seq":6,"prev_hash":"{{HASH}}","action":"recover","task_id":"t5","message":".evolve/inbox/processing/cycle-9/t5.json → .evolve/inbox/t5.json: cycle-release"}
{"ts":"2026-05-24T12:00:00Z","cycle":11,"role":"orchestrator","kind":"inbox-lifecycle","exit_code":0,"entry_seq":7,"prev_hash":"{{HASH}}","action":"promote-warn","task_id":"t7","message":".evolve/inbox/processing/t7.json → {{ROOT}}/.evolve/inbox/quarantine/t7.json: mkdir-failed"}
{"ts":"2026-05-24T12:00:00Z","cycle":11,"role":"orchestrator","kind":"inbox-lifecycle","exit_code":0,"entry_seq":8,"prev_hash":"{{HASH}}","action":"recover","task_id":"t7","message":".evolve/inbox/processing/cycle-11/t7.json → .evolve/inbox/t7.json: cycle-release"}
{"ts":"2026-05-24T12:00:00Z","cycle":12,"role":"orchestrator","kind":"inbox-lifecycle","exit_code":0,"entry_seq":9,"prev_hash":"{{HASH}}","action":"promote-warn","task_id":"t8","message":".evolve/inbox/processing/t8.json → {{ROOT}}/.evolve/inbox/quarantine/t8.json: mv-failed"}
{"ts":"2026-05-24T12:00:00Z","cycle":12,"role":"orchestrator","kind":"inbox-lifecycle","exit_code":0,"entry_seq":10,"prev_hash":"{{HASH}}","action":"recover","task_id":"t8","message":".evolve/inbox/processing/cycle-12/t8.json → .evolve/inbox/t8.json: cycle-release"}
{"ts":"2026-05-24T12:00:00Z","cycle":0,"role":"orchestrator","kind":"inbox-lifecycle","exit_code":0,"entry_seq":11,"prev_hash":"{{HASH}}","action":"quarantine-release","task_id":"q1","message":".evolve/inbox/quarantine/q1.json → .evolve/inbox/q1.json: operator-quarantine-release"}
{"ts":"2026-05-24T12:00:00Z","cycle":8,"role":"orchestrator","kind":"inbox-lifecycle","exit_code":0,"entry_seq":12,"prev_hash":"{{HASH}}","action":"recover","task_id":"t3","message":".evolve/inbox/processing/cycle-8/t3.json → .evolve/inbox/t3.json: orphan-recovery-cycle-not-active"}
{"ts":"2026-05-24T12:00:00Z","cycle":10,"role":"orchestrator","kind":"inbox-lifecycle","exit_code":0,"entry_seq":13,"prev_hash":"{{HASH}}","action":"recover","task_id":"t6","message":".evolve/inbox/processing/cycle-10/t6.json → .evolve/inbox/t6.json: orphan-recovery-cycle-not-active"}
{"ts":"2026-05-24T12:00:00Z","cycle":14,"role":"orchestrator","kind":"inbox-lifecycle","exit_code":0,"entry_seq":14,"prev_hash":"{{HASH}}","action":"recover","task_id":"t11","message":".evolve/inbox/processing/cycle-14/t11.json → .evolve/inbox/t11.json: orphan-recovery-cycle-not-active"}
