[inbox] inbox.warning WARN INBOX_CLAIM_NOT_FOUND cycle=7 seq=1 origin=Mover.Claim — claim: task 't1' not found in {{ROOT}}/.evolve/inbox inbox_dir={{ROOT}}/.evolve/inbox step=locate task_id=t1
[inbox] inbox.warning WARN INBOX_CLAIM_REFUSED cycle=7 seq=2 origin=Mover.Claim — claim: task 'c1' REFUSED — route:console-manual (operator-owned; lanes must not draw it) reason=route:console-manual step=route task_id=c1
[inbox] inbox.warning WARN INBOX_CLAIM_MOVE_FAILED cycle=7 seq=3 origin=Mover.Claim — claim: mkdir -p '{{ROOT}}/.evolve/inbox/processing/cycle-7' failed: mkdir {{ROOT}}/.evolve/inbox/processing: not a directory dest_dir={{ROOT}}/.evolve/inbox/processing/cycle-7 err=mkdir {{ROOT}}/.evolve/inbox/processing: not a directory step=mkdir task_id=t1
[inbox] inbox.warning WARN INBOX_CLAIM_MOVE_FAILED cycle=7 seq=4 origin=Mover.Claim — claim: mv failed for 't1' (may already be claimed): rename {{ROOT}}/.evolve/inbox/t1.json {{ROOT}}/.evolve/inbox/processing/cycle-7/t1.json: file exists err=rename {{ROOT}}/.evolve/inbox/t1.json {{ROOT}}/.evolve/inbox/processing/cycle-7/t1.json: file exists step=rename task_id=t1
[inbox-mover] claimed: t1.json → processing/cycle-7/
[inbox-mover] ERROR: usage: claim <task_id> <cycle>
[inbox] inbox.warning WARN INBOX_CLAIM_NOT_FOUND seq=5 origin=Mover.Claim — claim: task 't1' not found in {{ROOT}}/.evolve/inbox inbox_dir={{ROOT}}/.evolve/inbox step=locate task_id=t1
[inbox] inbox.warning WARN INBOX_PROMOTE_NOT_FOUND cycle=7 seq=6 origin=Mover.Promote — promote: task 'ghost' not found in processing/ or inbox/ — already moved? state=processed step=locate task_id=ghost
[inbox-mover] ERROR: promote: invalid state 'bogus'; must be processed|rejected|retry
[inbox] inbox.warning WARN INBOX_PROMOTE_UNLANDED_SHA cycle=7 seq=7 origin=Mover.Promote — promote: ship SHA unlanded00 for 't1' not landed on main — rerouting to retry/ instead of processed/ sha=unlanded00 state=retry step=landing task_id=t1
[inbox-mover] promoted: t1.json → retry/
[inbox] inbox.warning WARN INBOX_PROMOTE_MOVE_FAILED cycle=7 seq=8 origin=Mover.Promote — promote: mkdir -p '{{ROOT}}/.evolve/inbox/processed/cycle-7' failed — leaving file in processing/: mkdir {{ROOT}}/.evolve/inbox/processed: not a directory dest={{ROOT}}/.evolve/inbox/processed/cycle-7/t2.json err=mkdir {{ROOT}}/.evolve/inbox/processed: not a directory src_rel=processing state=processed step=mkdir task_id=t2
[inbox] inbox.warning WARN INBOX_PROMOTE_MOVE_FAILED cycle=7 seq=9 origin=Mover.Promote — promote: mv failed for 't2' → processed (leaving in processing/): rename {{ROOT}}/.evolve/inbox/processing/cycle-7/t2.json {{ROOT}}/.evolve/inbox/processed/cycle-7/t2.json: file exists dest={{ROOT}}/.evolve/inbox/processed/cycle-7/t2.json err=rename {{ROOT}}/.evolve/inbox/processing/cycle-7/t2.json {{ROOT}}/.evolve/inbox/processed/cycle-7/t2.json: file exists src_rel=processing state=processed step=rename task_id=t2
[inbox-mover] promoted: t2.json → processed/
[inbox] inbox.warning WARN INBOX_CONTINUATION_MANIFEST_UNREADABLE cycle=8 seq=10 origin=Mover.Release — release-cycle: continuation manifest unreadable for cycle 8: continuation: read manifest: read {{ROOT}}/.evolve/runs/cycle-8/continuation-manifest.json: is a directory (items release unstamped) err=continuation: read manifest: read {{ROOT}}/.evolve/runs/cycle-8/continuation-manifest.json: is a directory step=manifest workspace={{ROOT}}/.evolve/runs/cycle-8
[inbox] inbox.warning WARN INBOX_RELEASE_DOUBLE_MOVE cycle=8 seq=11 origin=Mover.Release — release-cycle: t3.json already at inbox root (double-move for t3) — skipping base=t3.json step=release_cycle task_id=t3
[inbox-mover] released: t4.json ← processing/cycle-8/
[inbox-mover] release-cycle: 1 file(s) released from cycle-8
[inbox] inbox.warning WARN INBOX_ITEM_REWRITE_FAILED cycle=9 seq=12 origin=Mover.Release — release-cycle: continuation stamp failed for t5.json: open {{ROOT}}/.evolve/inbox/processing/cycle-9/t5.json.tmp.{{PID}}: is a directory (releasing unstamped) err=open {{ROOT}}/.evolve/inbox/processing/cycle-9/t5.json.tmp.{{PID}}: is a directory path={{ROOT}}/.evolve/inbox/processing/cycle-9/t5.json step=continuation_stamp task_id=t5
[inbox-mover] released: t5.json ← processing/cycle-9/
[inbox-mover] release-cycle: 1 file(s) released from cycle-9
[inbox] inbox.warning WARN INBOX_RELEASE_MOVE_FAILED cycle=10 seq=13 origin=Mover.Release — release-cycle: mv failed for t6.json (leaving in processing/cycle-10/): rename {{ROOT}}/.evolve/inbox/processing/cycle-10/t6.json {{ROOT}}/.evolve/inbox/t6.json: permission denied base=t6.json err=rename {{ROOT}}/.evolve/inbox/processing/cycle-10/t6.json {{ROOT}}/.evolve/inbox/t6.json: permission denied step=release_cycle task_id=t6
[inbox-mover] release-cycle: 0 file(s) released from cycle-10
[inbox] inbox.warning WARN INBOX_CLAIM_NOT_FOUND cycle=11 seq=14 origin=Mover.Claim — claim: task 't7' not found in {{ROOT}}/.evolve/inbox inbox_dir={{ROOT}}/.evolve/inbox step=locate task_id=t7
[inbox-mover] WARN: claim-lane-scope: 't7' not claimed (inboxmover: task not found: t7) — lane continues
[inbox] inbox.warning WARN INBOX_PROMOTE_MOVE_FAILED cycle=11 seq=15 origin=Mover.Promote — promote: mkdir -p '{{ROOT}}/.evolve/inbox/quarantine' failed — leaving file in processing/: mkdir {{ROOT}}/.evolve/inbox/quarantine: not a directory dest={{ROOT}}/.evolve/inbox/quarantine/t7.json err=mkdir {{ROOT}}/.evolve/inbox/quarantine: not a directory src_rel=processing state=quarantine step=mkdir task_id=t7
[inbox] inbox.warning WARN INBOX_QUARANTINE_FAILED cycle=11 seq=16 origin=Mover.Release — quarantine failed for 't7' (task-level failure #1 >= ceiling 1) — releasing to inbox root instead, it WILL be re-picked: inboxmover: mv failed: mkdir {{ROOT}}/.evolve/inbox/quarantine: mkdir {{ROOT}}/.evolve/inbox/quarantine: not a directory ceiling=1 err=inboxmover: mv failed: mkdir {{ROOT}}/.evolve/inbox/quarantine: mkdir {{ROOT}}/.evolve/inbox/quarantine: not a directory failure_count=1 outcome=error step=quarantine task_id=t7
[inbox-mover] released: t7.json ← processing/cycle-11/
[inbox-mover] release-cycle: 1 file(s) released from cycle-11
[inbox] inbox.warning WARN INBOX_CLAIM_NOT_FOUND cycle=12 seq=17 origin=Mover.Claim — claim: task 't8' not found in {{ROOT}}/.evolve/inbox inbox_dir={{ROOT}}/.evolve/inbox step=locate task_id=t8
[inbox-mover] WARN: claim-lane-scope: 't8' not claimed (inboxmover: task not found: t8) — lane continues
[inbox] inbox.warning WARN INBOX_PROMOTE_MOVE_FAILED cycle=12 seq=18 origin=Mover.Promote — promote: mv failed for 't8' → quarantine (leaving in processing/): rename {{ROOT}}/.evolve/inbox/processing/cycle-12/t8.json {{ROOT}}/.evolve/inbox/quarantine/t8.json: file exists dest={{ROOT}}/.evolve/inbox/quarantine/t8.json err=rename {{ROOT}}/.evolve/inbox/processing/cycle-12/t8.json {{ROOT}}/.evolve/inbox/quarantine/t8.json: file exists src_rel=processing state=quarantine step=rename task_id=t8
[inbox] inbox.warning WARN INBOX_QUARANTINE_FAILED cycle=12 seq=19 origin=Mover.Release — quarantine no-op for 't8' (task-level failure #1 >= ceiling 1) — not parked, releasing to inbox root instead ceiling=1 failure_count=1 outcome=noop step=quarantine task_id=t8
[inbox-mover] released: t8.json ← processing/cycle-12/
[inbox-mover] release-cycle: 1 file(s) released from cycle-12
[inbox-mover] released from quarantine: q1.json → inbox/
[inbox-mover] recovered: t3.json ← processing/cycle-8/
[inbox-mover] recovered: t6.json ← processing/cycle-10/
[inbox-mover] recover-orphans: cycle-13/ is active — skipping
[inbox] inbox.warning WARN INBOX_RELEASE_MOVE_FAILED cycle=14 seq=20 origin=Mover.RecoverOrphans — recover-orphans: mv failed for t10.json (leaving in processing/): rename {{ROOT}}/.evolve/inbox/processing/cycle-14/t10.json {{ROOT}}/.evolve/inbox/t10.json: file exists base=t10.json err=rename {{ROOT}}/.evolve/inbox/processing/cycle-14/t10.json {{ROOT}}/.evolve/inbox/t10.json: file exists step=recover_orphans task_id=t10
[inbox-mover] recovered: t11.json ← processing/cycle-14/
[inbox-mover] recover-orphans: 3 file(s) recovered
